
> react-example@0.0.0 lint
> tsc --noEmit

src/pages/BuilderPage.tsx(17,21): error TS2339: Property 'fetchFormById' does not exist on type 'AppState'.
src/pages/CompanyDetailsPage.tsx(50,7): error TS2353: Object literal may only specify known properties, and 'empId' does not exist in type 'Omit<User, "id">'.
src/pages/CompanyDetailsPage.tsx(145,118): error TS2339: Property 'empId' does not exist on type 'User'.
src/pages/CustomerDashboardPage.tsx(153,29): error TS2339: Property 'currentLevel' does not exist on type 'CustomForm'.
src/pages/CustomerDashboardPage.tsx(155,39): error TS2339: Property 'currentLevel' does not exist on type 'CustomForm'.
src/pages/FormsPage.tsx(43,5): error TS2339: Property 'assignForm' does not exist on type 'AppState'.
src/pages/MyApprovalsPage.tsx(6,10): error TS2305: Module '"../components/ui/Complex"' has no exported member 'Card'.
